[    0.000000] Initializing cgroup subsys cpuset
[    0.000000] Initializing cgroup subsys cpu
[    0.000000] Initializing cgroup subsys cpuacct
[    0.000000] Linux version 4.4.0-145-generic (buildd@lcy01-amd64-027) (gcc version 5.4.0 20160609 (Ubuntu 5.4.0-6ubuntu1~16.04.10) ) #171-Ubuntu SMP Tue Mar 26 12:43:40 UTC 2019 (Ubuntu 4.4.0-145.171-generic 4.4.176)
[    0.000000] Command line: BOOT_IMAGE=/boot/vmlinuz-4.4.0-145-generic root=LABEL=cloudimg-rootfs ro console=tty1 console=ttyS0
[    0.000000] KERNEL supported cpus:
[    0.000000]   Intel GenuineIntel
[    0.000000]   AMD AuthenticAMD
[    0.000000]   Centaur CentaurHauls
[    0.000000] x86/fpu: xstate_offset[2]:  576, xstate_sizes[2]:  256
[    0.000000] x86/fpu: Supporting XSAVE feature 0x01: 'x87 floating point registers'
[    0.000000] x86/fpu: Supporting XSAVE feature 0x02: 'SSE registers'
[    0.000000] x86/fpu: Supporting XSAVE feature 0x04: 'AVX registers'
[    0.000000] x86/fpu: Enabled xstate features 0x7, context size is 832 bytes, using 'standard' format.
[    0.000000] e820: BIOS-provided physical RAM map:
[    0.000000] BIOS-e820: [mem 0x0000000000000000-0x000000000009fbff] usable
[    0.000000] BIOS-e820: [mem 0x000000000009fc00-0x000000000009ffff] reserved
[    0.000000] BIOS-e820: [mem 0x00000000000f0000-0x00000000000fffff] reserved
[    0.000000] BIOS-e820: [mem 0x0000000000100000-0x000000003ffeffff] usable
[    0.000000] BIOS-e820: [mem 0x000000003fff0000-0x000000003fffffff] ACPI data
[    0.000000] BIOS-e820: [mem 0x00000000fec00000-0x00000000fec00fff] reserved
[    0.000000] BIOS-e820: [mem 0x00000000fee00000-0x00000000fee00fff] reserved
[    0.000000] BIOS-e820: [mem 0x00000000fffc0000-0x00000000ffffffff] reserved
[    0.000000] NX (Execute Disable) protection: active
[    0.000000] SMBIOS 2.5 present.
[    0.000000] Hypervisor detected: KVM
[    0.000000] e820: last_pfn = 0x3fff0 max_arch_pfn = 0x400000000
[    0.000000] MTRR: Disabled
[    0.000000] x86/PAT: MTRRs disabled, skipping PAT initialization too.
[    0.000000] CPU MTRRs all blank - virtualized system.
[    0.000000] x86/PAT: Configuration [0-7]: WB  WT  UC- UC  WB  WT  UC- UC  
[    0.000000] found SMP MP-table at [mem 0x0009fff0-0x0009ffff] mapped at [ffff88000009fff0]
[    0.000000] Scanning 1 areas for low memory corruption
[    0.000000] RAMDISK: [mem 0x362fa000-0x37174fff]
[    0.000000] ACPI: Early table checksum verification disabled
[    0.000000] ACPI: RSDP 0x00000000000E0000 000024 (v02 VBOX  )
[    0.000000] ACPI: XSDT 0x000000003FFF0030 00003C (v01 VBOX   VBOXXSDT 00000001 ASL  00000061)
[    0.000000] ACPI: FACP 0x000000003FFF00F0 0000F4 (v04 VBOX   VBOXFACP 00000001 ASL  00000061)
[    0.000000] ACPI: DSDT 0x000000003FFF0470 0022EA (v02 VBOX   VBOXBIOS 00000002 INTL 20100528)
[    0.000000] ACPI: FACS 0x000000003FFF0200 000040
[    0.000000] ACPI: FACS 0x000000003FFF0200 000040
[    0.000000] ACPI: APIC 0x000000003FFF0240 00005C (v02 VBOX   VBOXAPIC 00000001 ASL  00000061)
[    0.000000] ACPI: SSDT 0x000000003FFF02A0 0001CC (v01 VBOX   VBOXCPUT 00000002 INTL 20100528)
[    0.000000] No NUMA configuration found
[    0.000000] Faking a node at [mem 0x0000000000000000-0x000000003ffeffff]
[    0.000000] NODE_DATA(0) allocated [mem 0x3ffeb000-0x3ffeffff]
[    0.000000] kvm-clock: Using msrs 4b564d01 and 4b564d00
[    0.000000] kvm-clock: cpu 0, msr 0:3ffe3001, primary cpu clock
[    0.000000] kvm-clock: using sched offset of 4153169592 cycles
[    0.000000] clocksource: kvm-clock: mask: 0xffffffffffffffff max_cycles: 0x1cd42e4dffb, max_idle_ns: 881590591483 ns
[    0.000000] Zone ranges:
[    0.000000]   DMA      [mem 0x0000000000001000-0x0000000000ffffff]
[    0.000000]   DMA32    [mem 0x0000000001000000-0x000000003ffeffff]
[    0.000000]   Normal   empty
[    0.000000]   Device   empty
[    0.000000] Movable zone start for each node
[    0.000000] Early memory node ranges
[    0.000000]   node   0: [mem 0x0000000000001000-0x000000000009efff]
[    0.000000]   node   0: [mem 0x0000000000100000-0x000000003ffeffff]
[    0.000000] Initmem setup node 0 [mem 0x0000000000001000-0x000000003ffeffff]
[    0.000000] ACPI: PM-Timer IO Port: 0x4008
[    0.000000] IOAPIC[0]: apic_id 2, version 32, address 0xfec00000, GSI 0-23
[    0.000000] ACPI: INT_SRC_OVR (bus 0 bus_irq 0 global_irq 2 dfl dfl)
[    0.000000] ACPI: INT_SRC_OVR (bus 0 bus_irq 9 global_irq 9 low level)
[    0.000000] Using ACPI (MADT) for SMP configuration information
[    0.000000] smpboot: Allowing 2 CPUs, 0 hotplug CPUs
[    0.000000] PM: Registered nosave memory: [mem 0x00000000-0x00000fff]
[    0.000000] PM: Registered nosave memory: [mem 0x0009f000-0x0009ffff]
[    0.000000] PM: Registered nosave memory: [mem 0x000a0000-0x000effff]
[    0.000000] PM: Registered nosave memory: [mem 0x000f0000-0x000fffff]
[    0.000000] e820: [mem 0x40000000-0xfebfffff] available for PCI devices
[    0.000000] Booting paravirtualized kernel on KVM
[    0.000000] clocksource: refined-jiffies: mask: 0xffffffff max_cycles: 0xffffffff, max_idle_ns: 7645519600211568 ns
[    0.000000] setup_percpu: NR_CPUS:512 nr_cpumask_bits:512 nr_cpu_ids:2 nr_node_ids:1
[    0.000000] PERCPU: Embedded 34 pages/cpu @ffff88003fc00000 s99480 r8192 d31592 u1048576
[    0.000000] Built 1 zonelists in Node order, mobility grouping on.  Total pages: 257912
[    0.000000] Policy zone: DMA32
[    0.000000] Kernel command line: BOOT_IMAGE=/boot/vmlinuz-4.4.0-145-generic root=LABEL=cloudimg-rootfs ro console=tty1 console=ttyS0
[    0.000000] PID hash table entries: 4096 (order: 3, 32768 bytes)
[    0.000000] Memory: 997732K/1048120K available (8608K kernel code, 1333K rwdata, 4008K rodata, 1484K init, 1284K bss, 50388K reserved, 0K cma-reserved)
[    0.000000] SLUB: HWalign=64, Order=0-3, MinObjects=0, CPUs=2, Nodes=1
[    0.000000] Kernel/User page tables isolation: enabled
[    0.000000] Hierarchical RCU implementation.
[    0.000000] 	Build-time adjustment of leaf fanout to 64.
[    0.000000] 	RCU restricting CPUs from NR_CPUS=512 to nr_cpu_ids=2.
[    0.000000] RCU: Adjusting geometry for rcu_fanout_leaf=64, nr_cpu_ids=2
[    0.000000] NR_IRQS:33024 nr_irqs:440 16
[    0.000000] Console: colour VGA+ 80x25
[    0.000000] console [tty1] enabled
[    0.000000] console [ttyS0] enabled
[    0.000000] tsc: Detected 2194.918 MHz processor
[    0.199897] Calibrating delay loop (skipped) preset value.. 4389.83 BogoMIPS (lpj=8779672)
[    0.203055] pid_max: default: 32768 minimum: 301
[    0.204438] ACPI: Core revision 20150930
[    0.206388] ACPI: 2 ACPI AML tables successfully acquired and loaded
[    0.208310] Security Framework initialized
[    0.209541] Yama: becoming mindful.
[    0.210636] AppArmor: AppArmor initialized
[    0.211956] Dentry cache hash table entries: 131072 (order: 8, 1048576 bytes)
[    0.215994] Inode-cache hash table entries: 65536 (order: 7, 524288 bytes)
[    0.218500] Mount-cache hash table entries: 2048 (order: 2, 16384 bytes)
[    0.220541] Mountpoint-cache hash table entries: 2048 (order: 2, 16384 bytes)
[    0.223127] Initializing cgroup subsys io
[    0.224560] Initializing cgroup subsys memory
[    0.225836] Initializing cgroup subsys devices
[    0.227191] Initializing cgroup subsys freezer
[    0.228484] Initializing cgroup subsys net_cls
[    0.230044] Initializing cgroup subsys perf_event
[    0.231640] Initializing cgroup subsys net_prio
[    0.233004] Initializing cgroup subsys hugetlb
[    0.234543] Initializing cgroup subsys pids
[    0.236722] mce: CPU supports 0 MCE banks
[    0.238028] Last level iTLB entries: 4KB 1024, 2MB 1024, 4MB 1024
[    0.239778] Last level dTLB entries: 4KB 1024, 2MB 1024, 4MB 1024, 1GB 4
[    0.241667] Spectre V2 : Mitigation: Full generic retpoline
[    0.243518] Spectre V2 : Spectre v2 / SpectreRSB mitigation: Filling RSB on context switch
[    0.246247] Speculative Store Bypass: Vulnerable
[    0.250380] Freeing SMP alternatives memory: 36K
[    0.257516] ftrace: allocating 32283 entries in 127 pages
[    0.313148] smpboot: APIC(0) Converting physical 0 to logical package 0
[    0.315366] smpboot: Max logical packages: 1
[    0.316928] x2apic enabled
[    0.318142] Switched APIC routing to physical x2apic.
[    0.320918] ..TIMER: vector=0x30 apic1=0 pin1=2 apic2=-1 pin2=-1
[    0.430026] smpboot: CPU0: Intel(R) Core(TM) i7-4770HQ CPU @ 2.20GHz (family: 0x6, model: 0x46, stepping: 0x1)
[    0.433547] Performance Events: unsupported p6 CPU model 70 no PMU driver, software events only.
[    0.448216] KVM setup paravirtual spinlock
[    0.450591] x86: Booting SMP configuration:
[    0.452046] .... node  #0, CPUs:      #1
[    0.453420] kvm-clock: cpu 1, msr 0:3ffe3041, secondary cpu clock
[    0.455895] mce: CPU supports 0 MCE banks
[    0.459049] x86: Booted up 1 node, 2 CPUs
[    0.460517] smpboot: Total of 2 processors activated (8779.67 BogoMIPS)
[    0.463071] devtmpfs: initialized
[    0.465556] evm: security.selinux
[    0.466927] evm: security.SMACK64
[    0.468487] evm: security.SMACK64EXEC
[    0.469850] evm: security.SMACK64TRANSMUTE
[    0.471296] evm: security.SMACK64MMAP
[    0.472474] evm: security.ima
[    0.473447] evm: security.capability
[    0.475040] clocksource: jiffies: mask: 0xffffffff max_cycles: 0xffffffff, max_idle_ns: 7645041785100000 ns
[    0.478340] futex hash table entries: 512 (order: 3, 32768 bytes)
[    0.480493] pinctrl core: initialized pinctrl subsystem
[    0.482139] RTC time: 14:08:16, date: 04/25/19
[    0.483931] NET: Registered protocol family 16
[    0.494464] cpuidle: using governor ladder
[    0.506530] cpuidle: using governor menu
[    0.508411] PCCT header not found.
[    0.510106] ACPI: bus type PCI registered
[    0.511976] acpiphp: ACPI Hot Plug PCI Controller Driver version: 0.5
[    0.514368] PCI: Using configuration type 1 for base access
[    0.527513] ACPI: Added _OSI(Module Device)
[    0.529407] ACPI: Added _OSI(Processor Device)
[    0.531262] ACPI: Added _OSI(3.0 _SCP Extensions)
[    0.532988] ACPI: Added _OSI(Processor Aggregator Device)
[    0.536025] ACPI: Executed 1 blocks of module-level executable AML code
[    0.539992] ACPI: Interpreter enabled
[    0.541295] ACPI: (supports S0 S5)
[    0.542478] ACPI: Using IOAPIC for interrupt routing
[    0.544180] PCI: Using host bridge windows from ACPI; if necessary, use "pci=nocrs" and report a bug
[    0.552071] ACPI: PCI Root Bridge [PCI0] (domain 0000 [bus 00-ff])
[    0.553999] acpi PNP0A03:00: _OSC: OS supports [ASPM ClockPM Segments MSI]
[    0.556260] acpi PNP0A03:00: _OSC: not requesting OS control; OS requires [ExtendedConfig ASPM ClockPM MSI]
[    0.559529] acpi PNP0A03:00: fail to add MMCONFIG information, can't access extended PCI configuration space under this bridge.
[    0.563428] PCI host bridge to bus 0000:00
[    0.564700] pci_bus 0000:00: root bus resource [io  0x0000-0x0cf7 window]
[    0.566759] pci_bus 0000:00: root bus resource [io  0x0d00-0xffff window]
[    0.569014] pci_bus 0000:00: root bus resource [mem 0x000a0000-0x000bffff window]
[    0.571429] pci_bus 0000:00: root bus resource [mem 0x40000000-0xfdffffff window]
[    0.573688] pci_bus 0000:00: root bus resource [bus 00-ff]
[    0.578856] pci 0000:00:01.1: legacy IDE quirk: reg 0x10: [io  0x01f0-0x01f7]
[    0.581264] pci 0000:00:01.1: legacy IDE quirk: reg 0x14: [io  0x03f6]
[    0.583460] pci 0000:00:01.1: legacy IDE quirk: reg 0x18: [io  0x0170-0x0177]
[    0.585619] pci 0000:00:01.1: legacy IDE quirk: reg 0x1c: [io  0x0376]
[    0.606332] pci 0000:00:07.0: quirk: [io  0x4000-0x403f] claimed by PIIX4 ACPI
[    0.608590] pci 0000:00:07.0: quirk: [io  0x4100-0x410f] claimed by PIIX4 SMB
[    0.632474] ACPI: PCI Interrupt Link [LNKA] (IRQs 5 9 10 *11)
[    0.635014] ACPI: PCI Interrupt Link [LNKB] (IRQs 5 9 *10 11)
[    0.637767] ACPI: PCI Interrupt Link [LNKC] (IRQs 5 *9 10 11)
[    0.639874] ACPI: PCI Interrupt Link [LNKD] (IRQs 5 9 10 *11)
[    0.642109] ACPI: Enabled 2 GPEs in block 00 to 07
[    0.644029] vgaarb: setting as boot device: PCI:0000:00:02.0
[    0.645704] vgaarb: device added: PCI:0000:00:02.0,decodes=io+mem,owns=io+mem,locks=none
[    0.648677] vgaarb: loaded
[    0.649687] vgaarb: bridge control possible 0000:00:02.0
[    0.652138] SCSI subsystem initialized
[    0.653585] ACPI: bus type USB registered
[    0.654898] usbcore: registered new interface driver usbfs
[    0.656457] usbcore: registered new interface driver hub
[    0.658305] usbcore: registered new device driver usb
[    0.660144] PCI: Using ACPI for IRQ routing
[    0.662052] NetLabel: Initializing
[    0.663129] NetLabel:  domain hash size = 128
[    0.664404] NetLabel:  protocols = UNLABELED CIPSOv4
[    0.667724] NetLabel:  unlabeled traffic allowed by default
[    0.669922] amd_nb: Cannot enumerate AMD northbridges
[    0.671840] clocksource: Switched to clocksource kvm-clock
[    0.682292] AppArmor: AppArmor Filesystem Enabled
[    0.683909] pnp: PnP ACPI init
[    0.686419] pnp: PnP ACPI: found 3 devices
[    0.698633] clocksource: acpi_pm: mask: 0xffffff max_cycles: 0xffffff, max_idle_ns: 2085701024 ns
[    0.701655] NET: Registered protocol family 2
[    0.703353] TCP established hash table entries: 8192 (order: 4, 65536 bytes)
[    0.705662] TCP bind hash table entries: 8192 (order: 5, 131072 bytes)
[    0.707562] TCP: Hash tables configured (established 8192 bind 8192)
[    0.709511] UDP hash table entries: 512 (order: 2, 16384 bytes)
[    0.711424] UDP-Lite hash table entries: 512 (order: 2, 16384 bytes)
[    0.713332] NET: Registered protocol family 1
[    0.714961] pci 0000:00:00.0: Limiting direct PCI/PCI transfers
[    0.716859] pci 0000:00:01.0: Activating ISA DMA hang workarounds
[    0.719027] Unpacking initramfs...
[    0.943098] Freeing initrd memory: 14828K
[    0.945063] platform rtc_cmos: registered platform RTC device (no PNP device found)
[    0.947725] Scanning for low memory corruption every 60 seconds
[    0.950198] audit: initializing netlink subsys (disabled)
[    0.952240] audit: type=2000 audit(1556201302.503:1): initialized
[    0.954307] Initialise system trusted keyring
[    0.955930] HugeTLB registered 2 MB page size, pre-allocated 0 pages
[    0.958917] zbud: loaded
[    0.960477] VFS: Disk quotas dquot_6.6.0
[    0.962168] VFS: Dquot-cache hash table entries: 512 (order 0, 4096 bytes)
[    0.964437] squashfs: version 4.0 (2009/01/31) Phillip Lougher
[    0.966576] fuse init (API version 7.23)
[    0.967945] Key type big_key registered
[    0.969375] Allocating IMA MOK and blacklist keyrings.
[    0.972689] Key type asymmetric registered
[    0.974027] Asymmetric key parser 'x509' registered
[    0.975549] Block layer SCSI generic (bsg) driver version 0.4 loaded (major 249)
[    0.978195] io scheduler noop registered
[    0.979507] io scheduler deadline registered (default)
[    0.981215] io scheduler cfq registered
[    0.982515] pci_hotplug: PCI Hot Plug PCI Core version: 0.5
[    0.984155] pciehp: PCI Express Hot Plug Controller Driver version: 0.4
[    0.986486] ACPI: AC Adapter [AC] (on-line)
[    0.987849] input: Power Button as /devices/LNXSYSTM:00/LNXPWRBN:00/input/input0
[    0.990252] ACPI: Power Button [PWRF]
[    0.991690] input: Sleep Button as /devices/LNXSYSTM:00/LNXSLPBN:00/input/input1
[    0.994249] ACPI: Sleep Button [SLPF]
[    0.995692] GHES: HEST is not enabled!
[    0.997280] ACPI: Battery Slot [BAT0] (battery present)
[    0.999114] Serial: 8250/16550 driver, 32 ports, IRQ sharing enabled
 	
 !"#$%&'()*+,-./0123456789:;<=>?@ABCDEFGHIJKLMNOPQRSTUVWXYZ[\]^_`abcdefghijklmnopqrstuvwxyz{|}~ÄÅÇÉÑÖÜáàâäãåçéèêëíìîïñóòôöõúùûü†°¢£§•¶ß®©™´¨≠ÆØ∞±≤≥¥µ∂∑∏π∫ªºΩæø¿¡¬√ƒ≈∆«»… ÀÃÕŒœ–—“”‘’÷◊ÿŸ⁄€‹›ﬁﬂ‡·‚„‰ÂÊÁËÈÍÎÏÌÓÔÒÚÛÙıˆ˜¯˘˙˚¸˝˛ˇ[    1.024312] 00:02: ttyS0 at I/O 0x3f8 (irq = 4, base_baud = 115200) is a 16550A
[    1.030279] Linux agpgart interface v0.103
[    1.033640] loop: module loaded
[    1.035415] scsi host0: ata_piix
[    1.036752] scsi host1: ata_piix
[    1.037813] ata1: PATA max UDMA/33 cmd 0x1f0 ctl 0x3f6 bmdma 0xd000 irq 14
[    1.039958] ata2: PATA max UDMA/33 cmd 0x170 ctl 0x376 bmdma 0xd008 irq 15
[    1.042408] libphy: Fixed MDIO Bus: probed
[    1.043959] tun: Universal TUN/TAP device driver, 1.6
[    1.045570] tun: (C) 1999-2004 Max Krasnyansky <maxk@qualcomm.com>
[    1.047470] PPP generic driver version 2.4.2
[    1.049028] ehci_hcd: USB 2.0 'Enhanced' Host Controller (EHCI) Driver
[    1.051218] ehci-pci: EHCI PCI platform driver
[    1.052795] ehci-platform: EHCI generic platform driver
[    1.054369] ohci_hcd: USB 1.1 'Open' Host Controller (OHCI) Driver
[    1.056482] ohci-pci: OHCI PCI platform driver
[    1.057880] ohci-platform: OHCI generic platform driver
[    1.059377] uhci_hcd: USB Universal Host Controller Interface driver
[    1.061366] i8042: PNP: PS/2 Controller [PNP0303:PS2K,PNP0f03:PS2M] at 0x60,0x64 irq 1,12
[    1.064392] serio: i8042 KBD port at 0x60,0x64 irq 1
[    1.066202] serio: i8042 AUX port at 0x60,0x64 irq 12
[    1.068182] mousedev: PS/2 mouse device common for all mice
[    1.070396] input: AT Translated Set 2 keyboard as /devices/platform/i8042/serio0/input/input2
[    1.074008] rtc_cmos rtc_cmos: rtc core: registered rtc_cmos as rtc0
[    1.076203] rtc_cmos rtc_cmos: alarms up to one day, 114 bytes nvram
[    1.078210] i2c /dev entries driver
[    1.079614] device-mapper: uevent: version 1.0.3
[    1.081497] device-mapper: ioctl: 4.34.0-ioctl (2015-10-28) initialised: dm-devel@redhat.com
[    1.084265] ledtrig-cpu: registered to indicate activity on CPUs
[    1.087492] NET: Registered protocol family 10
[    1.089637] NET: Registered protocol family 17
[    1.091200] Key type dns_resolver registered
[    1.093170] registered taskstats version 1
[    1.094589] Loading compiled-in X.509 certificates
[    1.096703] Loaded X.509 cert 'Build time autogenerated kernel key: 766cb56454e39ea623681e1efb4bf4db48a2396c'
[    1.099879] zswap: loaded using pool lzo/zbud
[    1.104336] Key type trusted registered
[    1.109177] Key type encrypted registered
[    1.110674] AppArmor: AppArmor sha1 policy hashing enabled
[    1.113211] ima: No TPM chip found, activating TPM-bypass!
[    1.114982] ima: Allocated hash algorithm: sha1
[    1.116555] evm: HMAC attrs: 0x1
[    1.118344]   Magic number: 15:415:132
[    1.119881] rtc_cmos rtc_cmos: setting system clock to 2019-04-25 14:08:17 UTC (1556201297)
[    1.123041] BIOS EDD facility v0.16 2004-Jun-25, 0 devices found
[    1.124939] EDD information not available.
[    1.197799] Freeing unused kernel memory: 1484K
[    1.201825] Write protecting the kernel read-only data: 14336k
[    1.205198] Freeing unused kernel memory: 1620K
[    1.207085] Freeing unused kernel memory: 88K
Loading, please wait...
starting version 229
[    1.223660] random: systemd-udevd: uninitialized urandom read (16 bytes read, 2 bits of entropy available)
[    1.224121] random: udevadm: uninitialized urandom read (16 bytes read, 2 bits of entropy available)
[    1.224141] random: udevadm: uninitialized urandom read (16 bytes read, 2 bits of entropy available)
[    1.231074] random: udevadm: uninitialized urandom read (16 bytes read, 2 bits of entropy available)
[    1.231112] random: udevadm: uninitialized urandom read (16 bytes read, 2 bits of entropy available)
[    1.231231] random: udevadm: uninitialized urandom read (16 bytes read, 2 bits of entropy available)
[    1.231275] random: udevadm: uninitialized urandom read (16 bytes read, 2 bits of entropy available)
[    1.231319] random: udevadm: uninitialized urandom read (16 bytes read, 2 bits of entropy available)
[    1.231363] random: udevadm: uninitialized urandom read (16 bytes read, 2 bits of entropy available)
[    1.231404] random: udevadm: uninitialized urandom read (16 bytes read, 2 bits of entropy available)
[    1.285915] Fusion MPT base driver 3.04.20
[    1.287354] Copyright (c) 1999-2008 LSI Corporation
[    1.290203] e1000: Intel(R) PRO/1000 Network Driver - version 7.3.21-k8-NAPI
[    1.293626] e1000: Copyright (c) 1999-2006 Intel Corporation.
[    1.322923] AVX2 version of gcm_enc/dec engaged.
[    1.324593] AES CTR mode by8 optimization enabled
[    1.324631] Fusion MPT SPI Host driver 3.04.20
[    1.325341] mptbase: ioc0: Initiating bringup
[    1.403720] ioc0: LSI53C1030 A0: Capabilities={Initiator}
[    1.515205] input: ImExPS/2 Generic Explorer Mouse as /devices/platform/i8042/serio1/input/input4
[    1.661309] scsi host2: ioc0: LSI53C1030 A0, FwRev=00000000h, Ports=1, MaxQ=256, IRQ=20
[    1.781025] scsi 2:0:0:0: Direct-Access     VBOX     HARDDISK         1.0  PQ: 0 ANSI: 5
[    1.785391] scsi target2:0:0: Beginning Domain Validation
[    1.789397] scsi target2:0:0: Domain Validation skipping write tests
[    1.791593] scsi target2:0:0: Ending Domain Validation
[    1.793407] scsi target2:0:0: asynchronous
[    1.795794] scsi 2:0:1:0: Direct-Access     VBOX     HARDDISK         1.0  PQ: 0 ANSI: 5
[    1.798465] scsi target2:0:1: Beginning Domain Validation
[    1.801892] scsi target2:0:1: Domain Validation skipping write tests
[    1.803691] scsi target2:0:1: Ending Domain Validation
[    1.805355] scsi target2:0:1: asynchronous
[    1.813908] sd 2:0:0:0: [sda] 20971520 512-byte logical blocks: (10.7 GB/10.0 GiB)
[    1.814009] sd 2:0:0:0: Attached scsi generic sg0 type 0
[    1.820119] sd 2:0:1:0: Attached scsi generic sg1 type 0
[    1.824029] sd 2:0:1:0: [sdb] 20480 512-byte logical blocks: (10.5 MB/10.0 MiB)
[    1.826884] sd 2:0:0:0: [sda] Write Protect is off
[    1.829244] sd 2:0:0:0: [sda] Incomplete mode parameter data
[    1.844256] sd 2:0:0:0: [sda] Assuming drive cache: write through
[    1.846413] sd 2:0:1:0: [sdb] Write Protect is off
[    1.848218] sd 2:0:1:0: [sdb] Incomplete mode parameter data
[    1.849972] sd 2:0:1:0: [sdb] Assuming drive cache: write through
[    1.855683]  sda: sda1
[    1.858875] sd 2:0:1:0: [sdb] Attached SCSI disk
[    1.860665] sd 2:0:0:0: [sda] Attached SCSI disk
[    1.943910] tsc: Refined TSC clocksource calibration: 2194.899 MHz
[    1.946041] clocksource: tsc: mask: 0xffffffffffffffff max_cycles: 0x1fa3602b0cf, max_idle_ns: 440795237150 ns
[    2.238852] e1000 0000:00:03.0 eth0: (PCI:33MHz:32-bit) 02:63:27:9f:3f:f3
[    2.241422] e1000 0000:00:03.0 eth0: Intel(R) PRO/1000 Network Connection
[    2.670473] e1000 0000:00:08.0 eth1: (PCI:33MHz:32-bit) 08:00:27:ee:14:8d
[    2.672617] e1000 0000:00:08.0 eth1: Intel(R) PRO/1000 Network Connection
[    2.675891] e1000 0000:00:03.0 enp0s3: renamed from eth0
[    2.689158] e1000 0000:00:08.0 enp0s8: renamed from eth1
Begin: Loading essential drivers ... [    4.011193] md: linear personality registered for level -1
[    4.017647] md: multipath personality registered for level -4
[    4.023335] md: raid0 personality registered for level 0
[    4.031494] md: raid1 personality registered for level 1
[    4.108027] raid6: sse2x1   gen()  7822 MB/s
[    4.176098] raid6: sse2x1   xor()  7086 MB/s
[    4.244160] raid6: sse2x2   gen() 12318 MB/s
[    4.312121] raid6: sse2x2   xor()  8453 MB/s
[    4.380363] raid6: sse2x4   gen() 14014 MB/s
[    4.448398] raid6: sse2x4   xor()  9553 MB/s
[    4.516011] raid6: avx2x1   gen() 18865 MB/s
[    4.584132] raid6: avx2x2   gen() 22764 MB/s
[    4.652099] raid6: avx2x4   gen() 25228 MB/s
[    4.653853] raid6: using algorithm avx2x4 gen() 25228 MB/s
[    4.655445] raid6: using avx2x2 recovery algorithm
[    4.658424] xor: automatically using best checksumming function:
[    4.707095]    avx       : 44206.000 MB/sec
[    4.710270] async_tx: api initialized (async)
[    4.722900] md: raid6 personality registered for level 6
[    4.724717] md: raid5 personality registered for level 5
[    4.726335] md: raid4 personality registered for level 4
[    4.734392] md: raid10 personality registered for level 10
done.
Begin: Running /scripts/init-premount ... done.
Begin: Mounting root file system ... Begin: Running /scripts/local-top ... done.
Begin: Running /scripts/local-premount ... [    4.765184] Btrfs loaded
Scanning for Btrfs filesystems
done.
Warning: fsck not present, so skipping root file system
[    4.801031] EXT4-fs (sda1): mounted filesystem with ordered data mode. Opts: (null)
done.
Begin: Running /scripts/local-bottom ... done.
Begin: Running /scripts/init-bottom ... done.
[    4.924648] systemd[1]: systemd 229 running in system mode. (+PAM +AUDIT +SELINUX +IMA +APPARMOR +SMACK +SYSVINIT +UTMP +LIBCRYPTSETUP +GCRYPT +GNUTLS +ACL +XZ -LZ4 +SECCOMP +BLKID +ELFUTILS +KMOD -IDN)
[    4.930167] systemd[1]: Detected virtualization oracle.
[    4.931844] systemd[1]: Detected architecture x86-64.

Welcome to [1mUbuntu 16.04.6 LTS[0m!

[    4.937752] systemd[1]: Set hostname to <ubuntu>.
[    4.943001] systemd[1]: Initializing machine ID from random generator.
[    4.945319] systemd[1]: Installed transient /etc/machine-id file.
[    5.091567] systemd[1]: Reached target User and Group Name Lookups.
[[0;32m  OK  [0m] Reached target User and Group Name Lookups.
[    5.095383] systemd[1]: Started Forward Password Requests to Wall Directory Watch.
[[0;32m  OK  [0m] Started Forward Password Requests to Wall Directory Watch.
[    5.100389] systemd[1]: Created slice System Slice.
[[0;32m  OK  [0m] Created slice System Slice.
[    5.103622] systemd[1]: Listening on Journal Socket (/dev/log).
[[0;32m  OK  [0m] Listening on Journal Socket (/dev/log).
[    5.107009] systemd[1]: Reached target System Time Synchronized.
[[0;32m  OK  [0m] Reached target System Time Synchronized.
[    5.110700] systemd[1]: Listening on Journal Audit Socket.
[[0;32m  OK  [0m] Listening on Journal Audit Socket.
[    5.114164] systemd[1]: Created slice User and Session Slice.
[[0;32m  OK  [0m] Created slice User and Session Slice.
[    5.118103] systemd[1]: Reached target Swap.
[[0;32m  OK  [0m] Reached target Swap.
[    5.121295] systemd[1]: Listening on udev Control Socket.
[[0;32m  OK  [0m] Listening on udev Control Socket.
[    5.124336] systemd[1]: Reached target Slices.
[[0;32m  OK  [0m] Reached target Slices.
[    5.127154] systemd[1]: Listening on LVM2 metadata daemon socket.
[[0;32m  OK  [0m] Listening on LVM2 metadata daemon socket.
[    5.130704] systemd[1]: Listening on Syslog Socket.
[[0;32m  OK  [0m] Listening on Syslog Socket.
[    5.133810] systemd[1]: Listening on LVM2 poll daemon socket.
[[0;32m  OK  [0m] Listening on LVM2 poll daemon socket.
[    5.144379] systemd[1]: Listening on Journal Socket.
[[0;32m  OK  [0m] Listening on Journal Socket.
[    5.164319] systemd[1]: Starting Journal Service...
         Starting Journal Service...
[    5.171279] systemd[1]: Starting Uncomplicated firewall...
         Starting Uncomplicated firewall...
[    5.177442] systemd[1]: Starting Load Kernel Modules...
         Starting Load Kernel Modules...
[    5.183385] systemd[1]: Starting Nameserver information manager...
         Starting Nameserver information manager...
[    5.188571] systemd[1]: Starting Set console keymap...
         Starting Set console keymap...
[    5.198399] systemd[1]: Starting Remount Root and Kernel File Systems...
         Starting Remount Root and Kernel File Systems...[    5.203991] EXT4-fs (sda1): re-mounted. Opts: (null)

[    5.206401] systemd[1]: Mounting POSIX Message Queue File System...
         Mounting POSIX Message Queue File System...
[    5.209507] Loading iSCSI transport class v2.0-870.
[    5.209656] systemd[1]: Listening on /dev/initctl Compatibility Named Pipe.
[[0;32m  OK  [0m] Listening on /dev/initctl Compatibility Named Pipe.
[    5.217274] systemd[1]: Mounting Debug File System...
         Mounting Debug File System...
[    5.220835] systemd[1]: Mounting Huge Pages File System...
         Mounting Huge Pages File System...
[    5.224283] systemd[1]: Listening on udev Kernel Socket.
[[0;32m  OK  [0m] Listening on udev Kernel Socket.
[    5.229098] systemd[1]: Started Trigger resolvconf update for networkd DNS.
[[0;32m  OK  [0m] Started Trigger resolvconf update for networkd DNS.
[    5.233086] systemd[1]: Set up automount Arbitrary Executable File Formats File System Automount Point.
[    5.236419] iscsi: registered transport (tcp)
[[0;32m  OK  [0m] Set up automount Arbitrary Executab...ats File System Automount Point.
[    5.240214] systemd[1]: Reached target Encrypted Volumes.
[[0;32m  OK  [0m] Reached target Encrypted Volumes.
[    5.244566] systemd[1]: Listening on Device-mapper event daemon FIFOs.
[[0;32m  OK  [0m] Listening on Device-mapper event daemon FIFOs.
[    5.264193] systemd[1]: Starting Create list of required static device nodes for the current kernel...
         Starting Create list of required st... nodes for the current kernel...
[    5.270053] systemd[1]: Created slice system-serial\x2dgetty.slice.
[[0;32m  OK  [0m] Created slice system-serial\x2dgetty.slice.
[    5.274546] systemd[1]: Starting Monitoring of LVM2 mirrors, snapshots etc. using dmeventd or progress polling...
         Starting Monitoring of LVM2 mirrors... dmeventd or progress polling...
[    5.288287] iscsi: registered transport (iser)
[    5.289633] systemd[1]: Mounted Debug File System.
[[0;32m  OK  [0m] Mounted Debug File System.
[    5.292563] systemd[1]: Mounted POSIX Message Queue File System.
[[0;32m  OK  [0m] Mounted POSIX Message Queue File System.
[    5.300270] systemd[1]: Mounted Huge Pages File System.
[[0;32m  OK  [0m] Mounted Huge Pages File System.
[    5.303853] systemd[1]: Started Journal Service.
[[0;32m  OK  [0m] Started Journal Service.
[[0;32m  OK  [0m] Started Uncomplicated firewall.
[[0;32m  OK  [0m] Started Load Kernel Modules.
[[0;32m  OK  [0m] Started Set console keymap.
[[0;32m  OK  [0m] Started Remount Root and Kernel File Systems.
[[0;32m  OK  [0m] Started Create list of required sta...ce nodes for the current kernel.
[[0;32m  OK  [0m] Started Nameserver information manager.
[[0;32m  OK  [0m] Started LVM2 metadata daemon.
         Starting Create Static Device Nodes in /dev...
         Starting udev Coldplug all Devices...
         Starting Load/Save Random Seed...
         Mounting FUSE Control File System...
         Starting Apply Kernel Variables...
         Starting Flush Journal to Persistent Storage...
[[0;32m  OK  [0m] Mounted FUSE Control File System.
[[0;32m  OK  [0m] Started Create Static Device Nodes in /dev.
[[0;32m  OK  [0m] Started Load/Save Random Seed.
[[0;32m  OK  [0m] Started Apply Kernel Variables.
[[0;32m  OK  [0m] Started Flush Journal to Persistent Storage.
         Starting udev Kernel Device Manager...
[[0;32m  OK  [0m] Started udev Coldplug all Devices.
[[0;32m  OK  [0m] Started udev Kernel Device Manager.
[[0;32m  OK  [0m] Started Dispatch Password Requests to Console Directory Watch.
[[0;32m  OK  [0m] Found device /dev/ttyS0.
[[0;32m  OK  [0m] Listening on Load/Save RF Kill Switch Status /dev/rfkill Watch.
[[0;32m  OK  [0m] Started Monitoring of LVM2 mirrors,...ng dmeventd or progress polling.
[[0;32m  OK  [0m] Reached target Local File Systems (Pre).
[[0;32m  OK  [0m] Reached target Local File Systems.
         Starting Tell Plymouth To Write Out Runtime Data...
         Starting Set console font and keymap...
         Starting Create Volatile Files and Directories...
         Starting Initial cloud-init job (pre-networking)...
         Starting Commit a transient machine-id on disk...
         Starting LSB: AppArmor initialization...
[[0;32m  OK  [0m] Started Tell Plymouth To Write Out Runtime Data.
[[0;32m  OK  [0m] Started Create Volatile Files and Directories.
[[0;32m  OK  [0m] Started Commit a transient machine-id on disk.
         Starting Update UTMP about System Boot/Shutdown...
[[0;32m  OK  [0m] Started Update UTMP about System Boot/Shutdown.
[[0;32m  OK  [0m] Started Set console font and keymap.
[[0;32m  OK  [0m] Created slice system-getty.slice.
[[0;32m  OK  [0m] Started LSB: AppArmor initialization.
[    6.994614] cloud-init[645]: Cloud-init v. 18.5-45-g3554ffe8-0ubuntu1~16.04.1 running 'init-local' at Thu, 25 Apr 2019 14:08:23 +0000. Up 6.71 seconds.
[[0;32m  OK  [0m] Started Initial cloud-init job (pre-networking).
[[0;32m  OK  [0m] Reached target Network (Pre).
         Starting Raise network interfaces...
[[0;32m  OK  [0m] Started Raise network interfaces.
         Starting Initial cloud-init job (metadata service crawler)...
[[0;32m  OK  [0m] Reached target Network.
[    7.979939] cloud-init[955]: Cloud-init v. 18.5-45-g3554ffe8-0ubuntu1~16.04.1 running 'init' at Thu, 25 Apr 2019 14:08:24 +0000. Up 7.50 seconds.
[    7.983546] cloud-init[955]: ci-info: ++++++++++++++++++++++++++++++++++++++Net device info+++++++++++++++++++++++++++++++++++++++
[    7.985945] cloud-init[955]: ci-info: +--------+-------+----------------------------+---------------+--------+-------------------+
[    7.988758] cloud-init[955]: ci-info: | Device |   Up  |          Address           |      Mask     | Scope  |     Hw-Address    |
[    7.996449] cloud-init[955]: ci-info: +--------+-------+----------------------------+---------------+--------+-------------------+
[    8.004389] cloud-init[955]: ci-info: | enp0s3 |  True |         10.0.2.15          | 255.255.255.0 | global | 02:63:27:9f:3f:f3 |
[    8.006676] cloud-init[955]: ci-info: | enp0s3 |  True | fe80::63:27ff:fe9f:3ff3/64 |       .       |  link  | 02:63:27:9f:3f:f3 |
[    8.010143] cloud-init[955]: ci-info: | enp0s8 | False |             .              |       .       |   .    | 08:00:27:ee:14:8d |
[    8.013679] cloud-init[955]: ci-info: |   lo   |  True |         127.0.0.1          |   255.0.0.0   |  host  |         .         |
[    8.016844] cloud-init[955]: ci-info: |   lo   |  True |          ::1/128           |       .       |  host  |         .         |
[    8.019617] cloud-init[955]: ci-info: +--------+-------+----------------------------+---------------+--------+-------------------+
[    8.022935] cloud-init[955]: ci-info: +++++++++++++++++++++++++++Route IPv4 info++++++++++++++++++++++++++++
[    8.025489] cloud-init[955]: ci-info: +-------+-------------+----------+---------------+-----------+-------+
[    8.028311] cloud-init[955]: ci-info: | Route | Destination | Gateway  |    Genmask    | Interface | Flags |
[    8.030815] cloud-init[955]: ci-info: +-------+-------------+----------+---------------+-----------+-------+
[    8.033634] cloud-init[955]: ci-info: |   0   |   0.0.0.0   | 10.0.2.2 |    0.0.0.0    |   enp0s3  |   UG  |
[    8.036987] cloud-init[955]: ci-info: |   1   |   10.0.2.0  | 0.0.0.0  | 255.255.255.0 |   enp0s3  |   U   |
[    8.045033] cloud-init[955]: ci-info: +-------+-------------+----------+---------------+-----------+-------+
[    8.047266] cloud-init[955]: ci-info: +++++++++++++++++++Route IPv6 info+++++++++++++++++++
[    8.049303] cloud-init[955]: ci-info: +-------+-------------+---------+-----------+-------+
[    8.051593] cloud-init[955]: ci-info: | Route | Destination | Gateway | Interface | Flags |
[    8.054330] cloud-init[955]: ci-info: +-------+-------------+---------+-----------+-------+
[    8.057004] cloud-init[955]: ci-info: |   0   |  fe80::/64  |    ::   |   enp0s3  |   U   |
[    8.059861] cloud-init[955]: ci-info: |   3   |   ff00::/8  |    ::   |   enp0s3  |   U   |
[    8.062460] cloud-init[955]: ci-info: +-------+-------------+---------+-----------+-------+
[    8.064802] cloud-init[955]: Generating public/private rsa key pair.
[    8.066759] cloud-init[955]: Your identification has been saved in /etc/ssh/ssh_host_rsa_key.
[    8.068651] cloud-init[955]: Your public key has been saved in /etc/ssh/ssh_host_rsa_key.pub.
[    8.071077] cloud-init[955]: The key fingerprint is:
[    8.072790] cloud-init[955]: SHA256:9BBjM1N2+7I61cxCDLstFMbXSCuKieU5CFjwKoPCEKw root@ubuntu-xenial
[    8.075044] cloud-init[955]: The key's randomart image is:
[    8.076776] cloud-init[955]: +---[RSA 2048]----+
[    8.078041] cloud-init[955]: |+..     Boo.oo   |
[    8.084820] cloud-init[955]: | *     . B=.oo.  |
[    8.086225] cloud-init[955]: |+ o   . o..*o    |
[[    8.087783] cloud-init[955]: |E. . = = +o.o.   |
[    8.088333] cloud-init[955]: |*.  o * S..+.+.  |
[    8.089557] cloud-init[955]: |o.     .  o +o+  |
[    8.089700] cloud-init[955]: |           o..   |
[0;32m  OK  [0m] Started Initial cloud-init job (metadata service crawler).[    8.091718] cloud-init[955]: |          ..     |
[    8.093905] cloud-init[955]: |          ..     |

[    8.094126] cloud-init[955]: +----[SHA256]-----+
[    8.097158] cloud-init[955]: Generating public/private dsa key pair.
[    8.098537] cloud-init[955]: Your identification has been saved in /etc/ssh/ssh_host_dsa_key.
[    8.100751] cloud-init[955]: Your public key has been saved in /etc/ssh/ssh_host_dsa_key.pub.
[    8.101054] cloud-init[955]: The key fingerprint is:
[    8.101519] cloud-init[955]: SHA256:cPI5p3Lxlqlm/2NERAeHsl/VSsEBlpGSwqpESkzeOy8 root@ubuntu-xenial
[    8.104253] cloud-init[955]: The key's randomart image is:
[    8.106862] cloud-init[955]: +---[DSA 1024]----+
[    8.107365] cloud-init[955]: | o.    .   o*O=o.|
[    8.107551] cloud-init[955]: | .o..   o +.=oo o|
[    8.109948] cloud-init[955]: | ..o. o... = . o |
[    8.110638] cloud-init[955]: |  . ...= .. . o  |
[    8.112264] cloud-init[955]: |   .o.  S .o .   |
[    8.114281] cloud-init[955]: |    .o   * oo    |
[    8.114331] cloud-init[955]: |    E o o =.     |
[    8.114836] cloud-init[955]: |     . ooo  o    |
[    8.114885] cloud-init[955]: |       o...o..   |
[    8.114922] cloud-init[955]: +----[SHA256]-----+
[    8.115224] cloud-init[955]: Generating public/private ecdsa key pair.
[    8.115315] cloud-init[955]: Your identification has been saved in /etc/ssh/ssh_host_ecdsa_key.
[    8.115349] cloud-init[955]: Your public key has been saved in /etc/ssh/ssh_host_ecdsa_key.pub.
[    8.115382] cloud-init[955]: The key fingerprint is:
[    8.115414] cloud-init[955]: SHA256:Bqg8C+o8/B6bXz26c3vfN/QXuCpAOF0Ucgvdc/GBmf4 root@ubuntu-xenial
[    8.116914] cloud-init[955]: The key's randomart image is:
[    8.117264] cloud-init[955]: +---[ECDSA 256]---+
[    8.120586] cloud-init[955]: |       oo+o  .=. |
[    8.120689] cloud-init[955]: |     .  +o.o =. .|
[    8.120723] cloud-init[955]: |    . + ..  +  . |
[    8.120758] cloud-init[955]: | . . o +     .   |
[    8.120921] cloud-init[955]: |. +   o S     o  |
[    8.120954] cloud-init[955]: |.. o   o.    . E |
[    8.120989] cloud-init[955]: |o ..   ..o    o o|
[    8.121952] cloud-init[955]: |oo  + ...o.. ...+|
[    8.126844] cloud-init[955]: | o+=.. o+.+.o. .+|
[    8.126977] cloud-init[955]: +----[SHA256]-----+
[    8.127154] cloud-init[955]: Generating public/private ed25519 key pair.
[    8.127198] cloud-init[955]: Your identification has been saved in /etc/ssh/ssh_host_ed25519_key.
[    8.127233] cloud-init[955]: Your public key has been saved in /etc/ssh/ssh_host_ed25519_key.pub.
[    8.127387] cloud-init[955]: The key fingerprint is:
[    8.131733] cloud-init[955]: SHA256:xp5etVycLI3Z/7a7C5DT3FY7baYznT2AqqqDYHoxHOo root@ubuntu-xenial
[    8.131940] cloud-init[955]: The key's randomart image is:
[    8.132160] cloud-init[955]: +--[ED25519 256]--+
[    8.132195] cloud-init[955]: |                 |
[    8.132228] cloud-init[955]: |                 |
[    8.134681] cloud-init[955]: |                .|
[    8.136689] cloud-init[955]: |  .    .    =B..+|
[    8.137027] cloud-init[955]: | o .    S  ==+B=+|
[    8.137081] cloud-init[955]: |o.+    o ..oo+o*+|
[    8.137925] cloud-init[955]: |= .o    o.. o.+o+|
[    8.138113] cloud-init[955]: |.E..   ...    .o+|
[[0;32m  OK  [0m] Reached target Network is Online.
[    8.138450] cloud-init[955]: | . .o....      **|
[    8.157041] cloud-init[955]: +----[SHA256]-----+
         Starting iSCSI initiator daemon (iscsid)...
[[0;32m  OK  [0m] Reached target System Initialization.
         Starting LXD - unix socket.
[[0;32m  OK  [0m] Started Daily apt download activities.
[[0;32m  OK  [0m] Started Daily apt upgrade and clean activities.
[[0;32m  OK  [0m] Listening on ACPID Listen Socket.
[[0;32m  OK  [0m] Started ACPI Events Check.
[[0;32m  OK  [0m] Reached target Paths.
         Starting Socket activation for snappy daemon.
[[0;32m  OK  [0m] Listening on D-Bus System Message Bus Socket.
[[0;32m  OK  [0m] Listening on UUID daemon activation socket.
[[0;32m  OK  [0m] Started Daily Cleanup of Temporary Directories.
[[0;32m  OK  [0m] Reached target Timers.
[[0;32m  OK  [0m] Reached target Cloud-config availability.
[[0;32m  OK  [0m] Listening on LXD - unix socket.
[[0;32m  OK  [0m] Listening on Socket activation for snappy daemon.
[[0;32m  OK  [0m] Reached target Sockets.
[[0;32m  OK  [0m] Reached target Basic System.
[[0;32m  OK  [0m] Started Unattended Upgrades Shutdown.
         Starting Virtualbox guest utils...
[[0;32m  OK  [0m] Started ACPI event daemon.
         Starting System Logging Service...
         Starting Login Service...
         Starting LSB: Record successful boot for GRUB...
         Starting /etc/rc.local Compatibility...
         Starting LXD - container startup/shutdown...
         Starting Pollinate to seed the pseudo random number generator...
[[0;32m  OK  [0m] Started D-Bus System Message Bus.
         Starting Accounts Service...
         Starting Snappy daemon...
[[0;32m  OK  [0m] Started FUSE filesystem for LXC.
[[0;32m  OK  [0m] Started Deferred execution scheduler.
[[0;32m  OK  [0m] Started Regular background program processing daemon.
         Starting LSB: MD monitoring daemon...
[[0;32m  OK  [0m] Started System Logging Service.
[[0;32m  OK  [0m] Started iSCSI initiator daemon (iscsid).
[[0;32m  OK  [0m] Started /etc/rc.local Compatibility.
         Starting Login to default iSCSI targets...
[[0;32m  OK  [0m] Started Login Service.
[[0;32m  OK  [0m] Started LSB: MD monitoring daemon.
[[0;32m  OK  [0m] Started LSB: Record successful boot for GRUB.
[[0;32m  OK  [0m] Started Login to default iSCSI targets.
[[0;32m  OK  [0m] Reached target Remote File Systems (Pre).
[[0;32m  OK  [0m] Reached target Remote File Systems.
         Starting LSB: daemon to balance interrupts for SMP systems...
         Starting LSB: automatic crash report generation...
         Starting LSB: Set the CPU Frequency Scaling governor to "ondemand"...
         Starting Permit User Sessions...
         Starting Authenticate and Authorize Users to Run Privileged Tasks...
[[0;32m  OK  [0m] Started Permit User Sessions.
[[0;32m  OK  [0m] Started Virtualbox guest utils.
         Starting Terminate Plymouth Boot Screen...
         Starting Hold until boot process finishes up...
[[0;32m  OK  [0m] Started Hold until boot process finishes up.
[[0;32m  OK  [0m] Started LXD - container startup/shutdown.
[[0;32m  OK  [0m] Started Authenticate and Authorize Users to Run Privileged Tasks.
[[0;32m  OK  [0m] Started Accounts Service.
[[0;32m  OK  [0m] Started Terminate Plymouth Boot Screen.
[[0;32m  OK  [0m] Started LSB: daemon to balance interrupts for SMP systems.
[[0;32m  OK  [0m] Started Getty on tty1.
[[0;32m  OK  [0m] Started Serial Getty on ttyS0.
[[0;32m  OK  [0m] Reached target Login Prompts.
         Starting Set console scheme...
[[0;32m  OK  [0m] Started LSB: automatic crash report generation.
[[0;32m  OK  [0m] Started LSB: Set the CPU Frequency Scaling governor to "ondemand".
[[0;32m  OK  [0m] Started Set console scheme.
[[0;32m  OK  [0m] Started Snappy daemon.
         Starting Wait until snapd is fully seeded...
[[0;32m  OK  [0m] Started Pollinate to seed the pseudo random number generator.
         Starting OpenBSD Secure Shell server...
[[0;32m  OK  [0m] Started OpenBSD Secure Shell server.
[[0;32m  OK  [0m] Created slice User Slice of vagrant.
         Starting User Manager for UID 1000...
[[0;32m  OK  [0m] Started Session 1 of user vagrant.
[[0;32m  OK  [0m] Started User Manager for UID 1000.
[[0;32m  OK  [0m] Started Session 2 of user vagrant.

Ubuntu 16.04.6 LTS node01 ttyS0

node01 login: [   17.649842] cloud-init[2084]: Generating locales (this might take a while)...
[   18.502519] cloud-init[2084]:   en_US.UTF-8... done
[   18.503145] cloud-init[2084]: Generation complete.
[   18.798829] cloud-init[2084]: Cloud-init v. 18.5-45-g3554ffe8-0ubuntu1~16.04.1 running 'modules:config' at Thu, 25 Apr 2019 14:08:34 +0000. Up 17.55 seconds.
ci-info: no authorized ssh keys fingerprints found for user ubuntu.
<14>Apr 25 14:08:35 ec2: 
<14>Apr 25 14:08:35 ec2: #############################################################
<14>Apr 25 14:08:35 ec2: -----BEGIN SSH HOST KEY FINGERPRINTS-----
<14>Apr 25 14:08:35 ec2: 1024 SHA256:cPI5p3Lxlqlm/2NERAeHsl/VSsEBlpGSwqpESkzeOy8 root@ubuntu-xenial (DSA)
<14>Apr 25 14:08:35 ec2: 256 SHA256:Bqg8C+o8/B6bXz26c3vfN/QXuCpAOF0Ucgvdc/GBmf4 root@ubuntu-xenial (ECDSA)
<14>Apr 25 14:08:35 ec2: 256 SHA256:xp5etVycLI3Z/7a7C5DT3FY7baYznT2AqqqDYHoxHOo root@ubuntu-xenial (ED25519)
<14>Apr 25 14:08:35 ec2: 2048 SHA256:9BBjM1N2+7I61cxCDLstFMbXSCuKieU5CFjwKoPCEKw root@ubuntu-xenial (RSA)
<14>Apr 25 14:08:35 ec2: -----END SSH HOST KEY FINGERPRINTS-----
<14>Apr 25 14:08:35 ec2: #############################################################
-----BEGIN SSH HOST KEY KEYS-----
ecdsa-sha2-nistp256 AAAAE2VjZHNhLXNoYTItbmlzdHAyNTYAAAAIbmlzdHAyNTYAAABBBLn8jCPNphbPnhMPDm45Ud1T6ByRfbtxS5eGGiLdojZH1VY4edoWE3TO5GzRosy2ApjWoFfpmOrazVamF0lsCok= root@ubuntu-xenial
ssh-ed25519 AAAAC3NzaC1lZDI1NTE5AAAAIDsb7zvYOLRW8dG+pckmlM2GHTKTZ9zdXz9amB51aeLM root@ubuntu-xenial
ssh-rsa AAAAB3NzaC1yc2EAAAADAQABAAABAQDZcKf8Od65g+bw8F63GFJD/3vyQA+IK/zVYYbbuXEbU1GZt1tnfUhyYYLG45u5sTilefwrEVG4IzuyGWjyIbKrMclrwsH/cKNNnbXYIvG9FxTDiCf3B+8nJHSFBd2+bj2Iun/ZDD8ayDSPLbLiPJcf+Xe64H242e7bhBN8gzqXvE+8t9/WPuQQxCjKd+USKNfuz9pFhSv3gMk9FPWZeblxCJFnAs3quLDTzQC1QuXa+sWgnWw1Th9FvSdBRYPKizJUk7adWcVeKub9msl5K9QTmriQX5mJDKz6UF7h9vjj9o6lG2r67Z0EUOWg+mFWmZPuzsS+wOXR9Gnyz6b3QOkD root@ubuntu-xenial
-----END SSH HOST KEY KEYS-----
[   19.237553] cloud-init[2127]: Cloud-init v. 18.5-45-g3554ffe8-0ubuntu1~16.04.1 running 'modules:final' at Thu, 25 Apr 2019 14:08:35 +0000. Up 19.10 seconds.
[   19.241113] cloud-init[2127]: ci-info: no authorized ssh keys fingerprints found for user ubuntu.
[   19.242801] cloud-init[2127]: Cloud-init v. 18.5-45-g3554ffe8-0ubuntu1~16.04.1 finished at Thu, 25 Apr 2019 14:08:35 +0000. Datasource DataSourceNoCloud [seed=/dev/sdb][dsmode=net].  Up 19.21 seconds
